98.159.226.23 - - [13/Oct/2023:20:04:09 -0600] "GET / HTTP/1.1" 200 6783 "-" "Mozilla/5.0 (Windows NT 10.0; Win64; x64) AppleWebKit/537.36 (KHTML, like Gecko) Chrome/98.0.4758.121 Safari/537.36"
98.159.226.23 - - [13/Oct/2023:20:04:09 -0600] "GET /css/style.css HTTP/1.1" 200 4453 "https://www.tuvetventas.adolfocarranzauth.pw/" "Mozilla/5.0 (Windows NT 10.0; Win64; x64) AppleWebKit/537.36 (KHTML, like Gecko) Chrome/98.0.4758.121 Safari/537.36"
98.159.226.23 - - [13/Oct/2023:20:04:09 -0600] "GET /css/responsiveslides.css HTTP/1.1" 200 625 "https://www.tuvetventas.adolfocarranzauth.pw/" "Mozilla/5.0 (Windows NT 10.0; Win64; x64) AppleWebKit/537.36 (KHTML, like Gecko) Chrome/98.0.4758.121 Safari/537.36"
98.159.226.18 - - [13/Oct/2023:20:04:10 -0600] "GET /js/responsiveslides.min.js HTTP/1.1" 200 2440 "https://www.tuvetventas.adolfocarranzauth.pw/" "Mozilla/5.0 (Windows NT 10.0; Win64; x64) AppleWebKit/537.36 (KHTML, like Gecko) Chrome/98.0.4758.121 Safari/537.36"
98.159.226.23 - - [13/Oct/2023:20:04:10 -0600] "GET /imagenes/slider-image1.jpg HTTP/1.1" 200 331512 "https://www.tuvetventas.adolfocarranzauth.pw/" "Mozilla/5.0 (Windows NT 10.0; Win64; x64) AppleWebKit/537.36 (KHTML, like Gecko) Chrome/98.0.4758.121 Safari/537.36"
92.119.36.108 - - [13/Oct/2023:20:04:10 -0600] "GET /imagenes/slider-image3.jpg HTTP/1.1" 200 462020 "https://www.tuvetventas.adolfocarranzauth.pw/" "Mozilla/5.0 (Windows NT 10.0; Win64; x64) AppleWebKit/537.36 (KHTML, like Gecko) Chrome/98.0.4758.121 Safari/537.36"
98.159.226.18 - - [13/Oct/2023:20:04:10 -0600] "GET /imagenes/slider-image2.jpg HTTP/1.1" 200 239878 "https://www.tuvetventas.adolfocarranzauth.pw/" "Mozilla/5.0 (Windows NT 10.0; Win64; x64) AppleWebKit/537.36 (KHTML, like Gecko) Chrome/98.0.4758.121 Safari/537.36"
89.208.29.105 - - [13/Oct/2023:20:04:10 -0600] "GET /imagenes/contador.png HTTP/1.1" 200 46716 "https://www.tuvetventas.adolfocarranzauth.pw/" "Mozilla/5.0 (Windows NT 10.0; Win64; x64) AppleWebKit/537.36 (KHTML, like Gecko) Chrome/98.0.4758.121 Safari/537.36"
92.119.36.147 - - [13/Oct/2023:20:04:10 -0600] "GET /imagenes/cajero.png HTTP/1.1" 200 89085 "https://www.tuvetventas.adolfocarranzauth.pw/" "Mozilla/5.0 (Windows NT 10.0; Win64; x64) AppleWebKit/537.36 (KHTML, like Gecko) Chrome/98.0.4758.121 Safari/537.36"
98.159.226.23 - - [13/Oct/2023:20:04:10 -0600] "GET /images/header-bg.png HTTP/1.1" 404 537 "https://www.tuvetventas.adolfocarranzauth.pw/css/style.css" "Mozilla/5.0 (Windows NT 10.0; Win64; x64) AppleWebKit/537.36 (KHTML, like Gecko) Chrome/98.0.4758.121 Safari/537.36"
89.208.29.105 - - [13/Oct/2023:20:04:11 -0600] "GET /imagenes/admin.png HTTP/1.1" 200 179542 "https://www.tuvetventas.adolfocarranzauth.pw/" "Mozilla/5.0 (Windows NT 10.0; Win64; x64) AppleWebKit/537.36 (KHTML, like Gecko) Chrome/98.0.4758.121 Safari/537.36"
98.159.226.18 - - [13/Oct/2023:20:04:11 -0600] "GET /imagenes/gerente.png HTTP/1.1" 200 78135 "https://www.tuvetventas.adolfocarranzauth.pw/" "Mozilla/5.0 (Windows NT 10.0; Win64; x64) AppleWebKit/537.36 (KHTML, like Gecko) Chrome/98.0.4758.121 Safari/537.36"
173.239.196.148 - - [13/Oct/2023:20:04:11 -0600] "GET /imagenes/mvz.png HTTP/1.1" 200 154791 "https://www.tuvetventas.adolfocarranzauth.pw/" "Mozilla/5.0 (Windows NT 10.0; Win64; x64) AppleWebKit/537.36 (KHTML, like Gecko) Chrome/98.0.4758.121 Safari/537.36"
172.234.49.237 - - [13/Oct/2023:20:04:12 -0600] "HEAD / HTTP/1.1" 200 5576 "-" "Mozilla/5.0 (Macintosh; Intel Mac OS X 10_14_4) AppleWebKit/537.36 (KHTML, like Gecko) Chrome/75.0.3770.100 Safari/537.36"
146.70.108.175 - - [13/Oct/2023:20:04:17 -0600] "GET / HTTP/1.1" 301 588 "http://tuvetventas.adolfocarranzauth.pw/" "Mozilla/5.0 (Windows NT 10.0; Win64; x64) AppleWebKit/537.36 (KHTML, like Gecko) Chrome/112.0.0.0 Safari/537.36 Edg/112.0.1722.68"
146.70.108.175 - - [13/Oct/2023:20:04:17 -0600] "GET / HTTP/1.1" 200 9788 "https://tuvetventas.adolfocarranzauth.pw/" "Mozilla/5.0 (Windows NT 10.0; Win64; x64) AppleWebKit/537.36 (KHTML, like Gecko) Chrome/112.0.0.0 Safari/537.36 Edg/112.0.1722.68"
185.108.106.202 - - [13/Oct/2023:20:04:17 -0600] "GET / HTTP/1.1" 301 588 "http://tuvetventas.adolfocarranzauth.pw/" "Mozilla/5.0 (Android 12; Mobile; rv:109.0) Gecko/113.0 Firefox/113.0"
104.129.56.158 - - [13/Oct/2023:20:04:17 -0600] "GET / HTTP/1.1" 301 588 "http://tuvetventas.adolfocarranzauth.pw/" "Mozilla/5.0 (Linux; Android 11; SAMSUNG SM-A125F) AppleWebKit/537.36 (KHTML, like Gecko) SamsungBrowser/20.0 Chrome/106.0.5249.126 Mobile Safari/537.36"
185.108.106.202 - - [13/Oct/2023:20:04:17 -0600] "GET / HTTP/1.1" 200 9788 "https://tuvetventas.adolfocarranzauth.pw/" "Mozilla/5.0 (Android 12; Mobile; rv:109.0) Gecko/113.0 Firefox/113.0"
104.129.56.158 - - [13/Oct/2023:20:04:17 -0600] "GET / HTTP/1.1" 200 9788 "https://tuvetventas.adolfocarranzauth.pw/" "Mozilla/5.0 (Linux; Android 11; SAMSUNG SM-A125F) AppleWebKit/537.36 (KHTML, like Gecko) SamsungBrowser/20.0 Chrome/106.0.5249.126 Mobile Safari/537.36"
116.90.74.196 - - [13/Oct/2023:20:04:18 -0600] "GET / HTTP/1.1" 301 588 "http://tuvetventas.adolfocarranzauth.pw/" "Mozilla/5.0 (Android 10; Mobile; rv:109.0) Gecko/113.0 Firefox/113.0"
116.90.74.196 - - [13/Oct/2023:20:04:19 -0600] "GET / HTTP/1.1" 200 9788 "https://tuvetventas.adolfocarranzauth.pw/" "Mozilla/5.0 (Android 10; Mobile; rv:109.0) Gecko/113.0 Firefox/113.0"
34.27.208.24 - - [13/Oct/2023:20:04:30 -0600] "GET / HTTP/1.1" 200 6783 "-" "Mozilla/5.0 (compatible; MSIE 9.0; Windows NT 6.1; WOW64; Trident/5.0; rv:9.0; SLCC2; .NET CLR 2.0.50727; .NET CLR 3.5.30729; .NET CLR 3.0.30729; Media Center PC 6.0; .NET4.0C; .NET4.0E; InfoPath.2; BOIE9;ENUS)"
34.27.208.24 - - [13/Oct/2023:20:04:30 -0600] "GET /css/style.css HTTP/1.1" 200 4453 "https://www.tuvetventas.adolfocarranzauth.pw/" "Mozilla/5.0 (compatible; MSIE 9.0; Windows NT 6.1; WOW64; Trident/5.0; rv:9.0; SLCC2; .NET CLR 2.0.50727; .NET CLR 3.5.30729; .NET CLR 3.0.30729; Media Center PC 6.0; .NET4.0C; .NET4.0E; InfoPath.2; BOIE9;ENUS)"
34.27.208.24 - - [13/Oct/2023:20:04:30 -0600] "GET /css/responsiveslides.css HTTP/1.1" 200 625 "https://www.tuvetventas.adolfocarranzauth.pw/" "Mozilla/5.0 (compatible; MSIE 9.0; Windows NT 6.1; WOW64; Trident/5.0; rv:9.0; SLCC2; .NET CLR 2.0.50727; .NET CLR 3.5.30729; .NET CLR 3.0.30729; Media Center PC 6.0; .NET4.0C; .NET4.0E; InfoPath.2; BOIE9;ENUS)"
34.27.208.24 - - [13/Oct/2023:20:04:30 -0600] "GET /js/responsiveslides.min.js HTTP/1.1" 200 1844 "https://www.tuvetventas.adolfocarranzauth.pw/" "Mozilla/5.0 (compatible; MSIE 9.0; Windows NT 6.1; WOW64; Trident/5.0; rv:9.0; SLCC2; .NET CLR 2.0.50727; .NET CLR 3.5.30729; .NET CLR 3.0.30729; Media Center PC 6.0; .NET4.0C; .NET4.0E; InfoPath.2; BOIE9;ENUS)"
34.27.208.24 - - [13/Oct/2023:20:04:31 -0600] "GET /imagenes/slider-image1.jpg HTTP/1.1" 200 110760 "https://www.tuvetventas.adolfocarranzauth.pw/" "Mozilla/5.0 (compatible; MSIE 9.0; Windows NT 6.1; WOW64; Trident/5.0; rv:9.0; SLCC2; .NET CLR 2.0.50727; .NET CLR 3.5.30729; .NET CLR 3.0.30729; Media Center PC 6.0; .NET4.0C; .NET4.0E; InfoPath.2; BOIE9;ENUS)"
34.27.208.24 - - [13/Oct/2023:20:04:31 -0600] "GET /imagenes/slider-image2.jpg HTTP/1.1" 200 245197 "https://www.tuvetventas.adolfocarranzauth.pw/" "Mozilla/5.0 (compatible; MSIE 9.0; Windows NT 6.1; WOW64; Trident/5.0; rv:9.0; SLCC2; .NET CLR 2.0.50727; .NET CLR 3.5.30729; .NET CLR 3.0.30729; Media Center PC 6.0; .NET4.0C; .NET4.0E; InfoPath.2; BOIE9;ENUS)"
34.27.208.24 - - [13/Oct/2023:20:04:31 -0600] "GET /imagenes/slider-image3.jpg HTTP/1.1" 200 213723 "https://www.tuvetventas.adolfocarranzauth.pw/" "Mozilla/5.0 (compatible; MSIE 9.0; Windows NT 6.1; WOW64; Trident/5.0; rv:9.0; SLCC2; .NET CLR 2.0.50727; .NET CLR 3.5.30729; .NET CLR 3.0.30729; Media Center PC 6.0; .NET4.0C; .NET4.0E; InfoPath.2; BOIE9;ENUS)"
34.27.208.24 - - [13/Oct/2023:20:04:31 -0600] "GET /imagenes/admin.png HTTP/1.1" 200 184861 "https://www.tuvetventas.adolfocarranzauth.pw/" "Mozilla/5.0 (compatible; MSIE 9.0; Windows NT 6.1; WOW64; Trident/5.0; rv:9.0; SLCC2; .NET CLR 2.0.50727; .NET CLR 3.5.30729; .NET CLR 3.0.30729; Media Center PC 6.0; .NET4.0C; .NET4.0E; InfoPath.2; BOIE9;ENUS)"
34.27.208.24 - - [13/Oct/2023:20:04:31 -0600] "GET /imagenes/gerente.png HTTP/1.1" 200 83454 "https://www.tuvetventas.adolfocarranzauth.pw/" "Mozilla/5.0 (compatible; MSIE 9.0; Windows NT 6.1; WOW64; Trident/5.0; rv:9.0; SLCC2; .NET CLR 2.0.50727; .NET CLR 3.5.30729; .NET CLR 3.0.30729; Media Center PC 6.0; .NET4.0C; .NET4.0E; InfoPath.2; BOIE9;ENUS)"
34.27.208.24 - - [13/Oct/2023:20:04:31 -0600] "GET /imagenes/mvz.png HTTP/1.1" 200 159514 "https://www.tuvetventas.adolfocarranzauth.pw/" "Mozilla/5.0 (compatible; MSIE 9.0; Windows NT 6.1; WOW64; Trident/5.0; rv:9.0; SLCC2; .NET CLR 2.0.50727; .NET CLR 3.5.30729; .NET CLR 3.0.30729; Media Center PC 6.0; .NET4.0C; .NET4.0E; InfoPath.2; BOIE9;ENUS)"
34.27.208.24 - - [13/Oct/2023:20:04:31 -0600] "GET /imagenes/cajero.png HTTP/1.1" 200 89085 "https://www.tuvetventas.adolfocarranzauth.pw/" "Mozilla/5.0 (compatible; MSIE 9.0; Windows NT 6.1; WOW64; Trident/5.0; rv:9.0; SLCC2; .NET CLR 2.0.50727; .NET CLR 3.5.30729; .NET CLR 3.0.30729; Media Center PC 6.0; .NET4.0C; .NET4.0E; InfoPath.2; BOIE9;ENUS)"
34.27.208.24 - - [13/Oct/2023:20:04:31 -0600] "GET /imagenes/contador.png HTTP/1.1" 200 51439 "https://www.tuvetventas.adolfocarranzauth.pw/" "Mozilla/5.0 (compatible; MSIE 9.0; Windows NT 6.1; WOW64; Trident/5.0; rv:9.0; SLCC2; .NET CLR 2.0.50727; .NET CLR 3.5.30729; .NET CLR 3.0.30729; Media Center PC 6.0; .NET4.0C; .NET4.0E; InfoPath.2; BOIE9;ENUS)"
116.90.74.196 - - [13/Oct/2023:20:04:34 -0600] "OPTIONS / HTTP/1.1" 301 588 "http://tuvetventas.adolfocarranzauth.pw/" "Mozilla/5.0 (X11; Ubuntu; Linux x86_64; rv:109.0) Gecko/20100101 Firefox/113.0"
104.154.226.18 - - [13/Oct/2023:20:04:37 -0600] "GET / HTTP/1.1" 301 625 "-" "Mozilla/5.0 (Windows NT 6.2; Win64; x64; rv:16.0.1) Gecko/20121011 Firefox/21.0.1"
104.154.226.18 - - [13/Oct/2023:20:04:37 -0600] "GET / HTTP/1.1" 200 6067 "-" "Mozilla/5.0 (Windows NT 6.2; Win64; x64; rv:16.0.1) Gecko/20121011 Firefox/21.0.1"
164.90.241.135 - - [13/Oct/2023:20:04:39 -0600] "GET / HTTP/1.1" 200 9788 "https://www.tuvetventas.adolfocarranzauth.pw/" "Opera/9.80 (MAUI Runtime; Opera Mini/4.4.33576/191.304; U; en) Presto/2.12.423 Version/12.16"
185.147.212.18 - - [13/Oct/2023:20:04:39 -0600] "GET / HTTP/1.1" 200 9788 "https://www.tuvetventas.adolfocarranzauth.pw/" "Mozilla/5.0 (Android 10; Mobile; rv:109.0) Gecko/113.0 Firefox/113.0"
216.131.88.4 - - [13/Oct/2023:20:04:39 -0600] "GET / HTTP/1.1" 200 9788 "https://www.tuvetventas.adolfocarranzauth.pw/" "Mozilla/5.0 (X11; Linux x86_64; rv:102.0) Gecko/20100101 Thunderbird/102.11.0"
66.115.182.140 - - [13/Oct/2023:20:04:39 -0600] "GET / HTTP/1.1" 200 9788 "https://www.tuvetventas.adolfocarranzauth.pw/" "Mozilla/5.0 (iPhone; CPU iPhone OS 16_4 like Mac OS X) AppleWebKit/605.1.15 (KHTML, like Gecko) CriOS/113.0.5672.121 Mobile/15E148 Safari/604.1"
34.172.132.178 - - [13/Oct/2023:20:04:41 -0600] "GET / HTTP/1.1" 200 6783 "-" "Mozilla/5.0 (compatible; MSIE 9.0; Windows NT 6.1; WOW64; Trident/5.0; rv:9.0; SLCC2; .NET CLR 2.0.50727; .NET CLR 3.5.30729; .NET CLR 3.0.30729; Media Center PC 6.0; .NET4.0C; .NET4.0E; InfoPath.2; BOIE9;ENUS)"
103.209.254.4 - - [13/Oct/2023:20:04:41 -0600] "GET / HTTP/1.1" 200 9788 "https://www.tuvetventas.adolfocarranzauth.pw/" "Mozilla/5.0 (Windows NT 10.0; Win64; x64) AppleWebKit/537.36 (KHTML, like Gecko) Chrome/113.0.0.0 Safari/537.36 Edg/113.0.1774.42"
34.172.132.178 - - [13/Oct/2023:20:04:41 -0600] "GET /css/style.css HTTP/1.1" 200 4453 "https://www.tuvetventas.adolfocarranzauth.pw/" "Mozilla/5.0 (compatible; MSIE 9.0; Windows NT 6.1; WOW64; Trident/5.0; rv:9.0; SLCC2; .NET CLR 2.0.50727; .NET CLR 3.5.30729; .NET CLR 3.0.30729; Media Center PC 6.0; .NET4.0C; .NET4.0E; InfoPath.2; BOIE9;ENUS)"
34.172.132.178 - - [13/Oct/2023:20:04:41 -0600] "GET /css/responsiveslides.css HTTP/1.1" 200 625 "https://www.tuvetventas.adolfocarranzauth.pw/" "Mozilla/5.0 (compatible; MSIE 9.0; Windows NT 6.1; WOW64; Trident/5.0; rv:9.0; SLCC2; .NET CLR 2.0.50727; .NET CLR 3.5.30729; .NET CLR 3.0.30729; Media Center PC 6.0; .NET4.0C; .NET4.0E; InfoPath.2; BOIE9;ENUS)"
34.172.132.178 - - [13/Oct/2023:20:04:42 -0600] "GET /js/responsiveslides.min.js HTTP/1.1" 200 1844 "https://www.tuvetventas.adolfocarranzauth.pw/" "Mozilla/5.0 (compatible; MSIE 9.0; Windows NT 6.1; WOW64; Trident/5.0; rv:9.0; SLCC2; .NET CLR 2.0.50727; .NET CLR 3.5.30729; .NET CLR 3.0.30729; Media Center PC 6.0; .NET4.0C; .NET4.0E; InfoPath.2; BOIE9;ENUS)"
34.172.132.178 - - [13/Oct/2023:20:04:42 -0600] "GET /imagenes/slider-image1.jpg HTTP/1.1" 200 106500 "https://www.tuvetventas.adolfocarranzauth.pw/" "Mozilla/5.0 (compatible; MSIE 9.0; Windows NT 6.1; WOW64; Trident/5.0; rv:9.0; SLCC2; .NET CLR 2.0.50727; .NET CLR 3.5.30729; .NET CLR 3.0.30729; Media Center PC 6.0; .NET4.0C; .NET4.0E; InfoPath.2; BOIE9;ENUS)"
34.172.132.178 - - [13/Oct/2023:20:04:42 -0600] "GET /imagenes/slider-image2.jpg HTTP/1.1" 200 213723 "https://www.tuvetventas.adolfocarranzauth.pw/" "Mozilla/5.0 (compatible; MSIE 9.0; Windows NT 6.1; WOW64; Trident/5.0; rv:9.0; SLCC2; .NET CLR 2.0.50727; .NET CLR 3.5.30729; .NET CLR 3.0.30729; Media Center PC 6.0; .NET4.0C; .NET4.0E; InfoPath.2; BOIE9;ENUS)"
34.172.132.178 - - [13/Oct/2023:20:04:42 -0600] "GET /imagenes/slider-image3.jpg HTTP/1.1" 200 245298 "https://www.tuvetventas.adolfocarranzauth.pw/" "Mozilla/5.0 (compatible; MSIE 9.0; Windows NT 6.1; WOW64; Trident/5.0; rv:9.0; SLCC2; .NET CLR 2.0.50727; .NET CLR 3.5.30729; .NET CLR 3.0.30729; Media Center PC 6.0; .NET4.0C; .NET4.0E; InfoPath.2; BOIE9;ENUS)"
34.172.132.178 - - [13/Oct/2023:20:04:42 -0600] "GET /imagenes/admin.png HTTP/1.1" 200 184861 "https://www.tuvetventas.adolfocarranzauth.pw/" "Mozilla/5.0 (compatible; MSIE 9.0; Windows NT 6.1; WOW64; Trident/5.0; rv:9.0; SLCC2; .NET CLR 2.0.50727; .NET CLR 3.5.30729; .NET CLR 3.0.30729; Media Center PC 6.0; .NET4.0C; .NET4.0E; InfoPath.2; BOIE9;ENUS)"
34.172.132.178 - - [13/Oct/2023:20:04:42 -0600] "GET /imagenes/gerente.png HTTP/1.1" 200 83454 "https://www.tuvetventas.adolfocarranzauth.pw/" "Mozilla/5.0 (compatible; MSIE 9.0; Windows NT 6.1; WOW64; Trident/5.0; rv:9.0; SLCC2; .NET CLR 2.0.50727; .NET CLR 3.5.30729; .NET CLR 3.0.30729; Media Center PC 6.0; .NET4.0C; .NET4.0E; InfoPath.2; BOIE9;ENUS)"
34.172.132.178 - - [13/Oct/2023:20:04:42 -0600] "GET /imagenes/mvz.png HTTP/1.1" 200 159514 "https://www.tuvetventas.adolfocarranzauth.pw/" "Mozilla/5.0 (compatible; MSIE 9.0; Windows NT 6.1; WOW64; Trident/5.0; rv:9.0; SLCC2; .NET CLR 2.0.50727; .NET CLR 3.5.30729; .NET CLR 3.0.30729; Media Center PC 6.0; .NET4.0C; .NET4.0E; InfoPath.2; BOIE9;ENUS)"
34.172.132.178 - - [13/Oct/2023:20:04:42 -0600] "GET /imagenes/cajero.png HTTP/1.1" 200 89085 "https://www.tuvetventas.adolfocarranzauth.pw/" "Mozilla/5.0 (compatible; MSIE 9.0; Windows NT 6.1; WOW64; Trident/5.0; rv:9.0; SLCC2; .NET CLR 2.0.50727; .NET CLR 3.5.30729; .NET CLR 3.0.30729; Media Center PC 6.0; .NET4.0C; .NET4.0E; InfoPath.2; BOIE9;ENUS)"
34.172.132.178 - - [13/Oct/2023:20:04:42 -0600] "GET /imagenes/contador.png HTTP/1.1" 200 51439 "https://www.tuvetventas.adolfocarranzauth.pw/" "Mozilla/5.0 (compatible; MSIE 9.0; Windows NT 6.1; WOW64; Trident/5.0; rv:9.0; SLCC2; .NET CLR 2.0.50727; .NET CLR 3.5.30729; .NET CLR 3.0.30729; Media Center PC 6.0; .NET4.0C; .NET4.0E; InfoPath.2; BOIE9;ENUS)"
82.132.215.58 - - [13/Oct/2023:20:04:51 -0600] "GET / HTTP/1.1" 200 6783 "-" "Mozilla/5.0 (Android 10; Mobile; rv:109.0) Gecko/113.0 Firefox/113.0"
82.132.215.58 - - [13/Oct/2023:20:04:51 -0600] "GET /css/style.css HTTP/1.1" 200 4453 "https://www.tuvetventas.adolfocarranzauth.pw/" "Mozilla/5.0 (Android 10; Mobile; rv:109.0) Gecko/113.0 Firefox/113.0"
82.132.215.58 - - [13/Oct/2023:20:04:51 -0600] "GET /css/responsiveslides.css HTTP/1.1" 200 625 "https://www.tuvetventas.adolfocarranzauth.pw/" "Mozilla/5.0 (Android 10; Mobile; rv:109.0) Gecko/113.0 Firefox/113.0"
82.132.215.58 - - [13/Oct/2023:20:04:51 -0600] "GET /js/responsiveslides.min.js HTTP/1.1" 200 1844 "https://www.tuvetventas.adolfocarranzauth.pw/" "Mozilla/5.0 (Android 10; Mobile; rv:109.0) Gecko/113.0 Firefox/113.0"
185.147.212.18 - - [13/Oct/2023:20:04:51 -0600] "GET / HTTP/1.1" 200 6783 "-" "Mozilla/5.0 (Windows NT 10.0; Win64; x64) AppleWebKit/537.36 (KHTML, like Gecko) Chrome/112.0.0.0 Safari/537.36 Edg/112.0.1722.48"
82.132.215.58 - - [13/Oct/2023:20:04:52 -0600] "GET /images/header-bg.png HTTP/1.1" 404 5856 "https://www.tuvetventas.adolfocarranzauth.pw/css/style.css" "Mozilla/5.0 (Android 10; Mobile; rv:109.0) Gecko/113.0 Firefox/113.0"
82.132.215.58 - - [13/Oct/2023:20:04:51 -0600] "GET /imagenes/slider-image1.jpg HTTP/1.1" 200 332108 "https://www.tuvetventas.adolfocarranzauth.pw/" "Mozilla/5.0 (Android 10; Mobile; rv:109.0) Gecko/113.0 Firefox/113.0"
82.132.215.58 - - [13/Oct/2023:20:04:51 -0600] "GET /imagenes/slider-image2.jpg HTTP/1.1" 200 239878 "https://www.tuvetventas.adolfocarranzauth.pw/" "Mozilla/5.0 (Android 10; Mobile; rv:109.0) Gecko/113.0 Firefox/113.0"
82.132.215.58 - - [13/Oct/2023:20:04:51 -0600] "GET /imagenes/slider-image3.jpg HTTP/1.1" 200 462020 "https://www.tuvetventas.adolfocarranzauth.pw/" "Mozilla/5.0 (Android 10; Mobile; rv:109.0) Gecko/113.0 Firefox/113.0"
82.132.215.58 - - [13/Oct/2023:20:04:52 -0600] "GET /imagenes/contador.png HTTP/1.1" 200 46716 "https://www.tuvetventas.adolfocarranzauth.pw/" "Mozilla/5.0 (Android 10; Mobile; rv:109.0) Gecko/113.0 Firefox/113.0"
185.147.212.18 - - [13/Oct/2023:20:04:52 -0600] "GET /css/style.css HTTP/1.1" 200 4453 "https://www.tuvetventas.adolfocarranzauth.pw/" "Mozilla/5.0 (Windows NT 10.0; Win64; x64) AppleWebKit/537.36 (KHTML, like Gecko) Chrome/112.0.0.0 Safari/537.36 Edg/112.0.1722.48"
82.132.215.58 - - [13/Oct/2023:20:04:52 -0600] "GET /imagenes/cajero.png HTTP/1.1" 200 84362 "https://www.tuvetventas.adolfocarranzauth.pw/" "Mozilla/5.0 (Android 10; Mobile; rv:109.0) Gecko/113.0 Firefox/113.0"
185.147.212.18 - - [13/Oct/2023:20:04:52 -0600] "GET /css/responsiveslides.css HTTP/1.1" 200 625 "https://www.tuvetventas.adolfocarranzauth.pw/" "Mozilla/5.0 (Windows NT 10.0; Win64; x64) AppleWebKit/537.36 (KHTML, like Gecko) Chrome/112.0.0.0 Safari/537.36 Edg/112.0.1722.48"
82.132.215.58 - - [13/Oct/2023:20:04:52 -0600] "GET /imagenes/admin.png HTTP/1.1" 200 179542 "https://www.tuvetventas.adolfocarranzauth.pw/" "Mozilla/5.0 (Android 10; Mobile; rv:109.0) Gecko/113.0 Firefox/113.0"
82.132.215.58 - - [13/Oct/2023:20:04:52 -0600] "GET /imagenes/gerente.png HTTP/1.1" 200 78135 "https://www.tuvetventas.adolfocarranzauth.pw/" "Mozilla/5.0 (Android 10; Mobile; rv:109.0) Gecko/113.0 Firefox/113.0"
185.147.212.18 - - [13/Oct/2023:20:04:52 -0600] "GET /js/responsiveslides.min.js HTTP/1.1" 200 1844 "https://www.tuvetventas.adolfocarranzauth.pw/" "Mozilla/5.0 (Windows NT 10.0; Win64; x64) AppleWebKit/537.36 (KHTML, like Gecko) Chrome/112.0.0.0 Safari/537.36 Edg/112.0.1722.48"
82.132.215.58 - - [13/Oct/2023:20:04:52 -0600] "GET /imagenes/mvz.png HTTP/1.1" 200 154195 "https://www.tuvetventas.adolfocarranzauth.pw/" "Mozilla/5.0 (Android 10; Mobile; rv:109.0) Gecko/113.0 Firefox/113.0"
185.147.212.18 - - [13/Oct/2023:20:04:53 -0600] "GET /imagenes/contador.png HTTP/1.1" 200 46716 "https://www.tuvetventas.adolfocarranzauth.pw/" "Mozilla/5.0 (Windows NT 10.0; Win64; x64) AppleWebKit/537.36 (KHTML, like Gecko) Chrome/112.0.0.0 Safari/537.36 Edg/112.0.1722.48"
185.147.212.18 - - [13/Oct/2023:20:04:53 -0600] "GET /images/header-bg.png HTTP/1.1" 404 1133 "https://www.tuvetventas.adolfocarranzauth.pw/css/style.css" "Mozilla/5.0 (Windows NT 10.0; Win64; x64) AppleWebKit/537.36 (KHTML, like Gecko) Chrome/112.0.0.0 Safari/537.36 Edg/112.0.1722.48"
185.147.212.18 - - [13/Oct/2023:20:04:52 -0600] "GET /imagenes/slider-image2.jpg HTTP/1.1" 200 239878 "https://www.tuvetventas.adolfocarranzauth.pw/" "Mozilla/5.0 (Windows NT 10.0; Win64; x64) AppleWebKit/537.36 (KHTML, like Gecko) Chrome/112.0.0.0 Safari/537.36 Edg/112.0.1722.48"
185.147.212.18 - - [13/Oct/2023:20:04:52 -0600] "GET /imagenes/slider-image1.jpg HTTP/1.1" 200 332108 "https://www.tuvetventas.adolfocarranzauth.pw/" "Mozilla/5.0 (Windows NT 10.0; Win64; x64) AppleWebKit/537.36 (KHTML, like Gecko) Chrome/112.0.0.0 Safari/537.36 Edg/112.0.1722.48"
82.132.215.58 - - [13/Oct/2023:20:04:53 -0600] "GET /favicon.ico HTTP/1.1" 200 68081 "https://www.tuvetventas.adolfocarranzauth.pw/" "Mozilla/5.0 (Android 10; Mobile; rv:109.0) Gecko/113.0 Firefox/113.0"
185.147.212.18 - - [13/Oct/2023:20:04:52 -0600] "GET /imagenes/slider-image3.jpg HTTP/1.1" 200 462020 "https://www.tuvetventas.adolfocarranzauth.pw/" "Mozilla/5.0 (Windows NT 10.0; Win64; x64) AppleWebKit/537.36 (KHTML, like Gecko) Chrome/112.0.0.0 Safari/537.36 Edg/112.0.1722.48"
185.147.212.18 - - [13/Oct/2023:20:04:53 -0600] "GET /imagenes/admin.png HTTP/1.1" 200 179542 "https://www.tuvetventas.adolfocarranzauth.pw/" "Mozilla/5.0 (Windows NT 10.0; Win64; x64) AppleWebKit/537.36 (KHTML, like Gecko) Chrome/112.0.0.0 Safari/537.36 Edg/112.0.1722.48"
185.147.212.18 - - [13/Oct/2023:20:04:53 -0600] "GET /imagenes/gerente.png HTTP/1.1" 200 78135 "https://www.tuvetventas.adolfocarranzauth.pw/" "Mozilla/5.0 (Windows NT 10.0; Win64; x64) AppleWebKit/537.36 (KHTML, like Gecko) Chrome/112.0.0.0 Safari/537.36 Edg/112.0.1722.48"
185.147.212.18 - - [13/Oct/2023:20:04:53 -0600] "GET /imagenes/cajero.png HTTP/1.1" 200 83766 "https://www.tuvetventas.adolfocarranzauth.pw/" "Mozilla/5.0 (Windows NT 10.0; Win64; x64) AppleWebKit/537.36 (KHTML, like Gecko) Chrome/112.0.0.0 Safari/537.36 Edg/112.0.1722.48"
185.147.212.18 - - [13/Oct/2023:20:04:53 -0600] "GET /imagenes/mvz.png HTTP/1.1" 200 154195 "https://www.tuvetventas.adolfocarranzauth.pw/" "Mozilla/5.0 (Windows NT 10.0; Win64; x64) AppleWebKit/537.36 (KHTML, like Gecko) Chrome/112.0.0.0 Safari/537.36 Edg/112.0.1722.48"
84.252.95.139 - - [13/Oct/2023:20:04:55 -0600] "GET / HTTP/1.1" 200 9788 "http://tuvetventas.adolfocarranzauth.pw/" "Mozilla/5.0 (Android 13; Mobile; rv:109.0) Gecko/113.0 Firefox/113.0"
23.83.184.136 - - [13/Oct/2023:20:04:55 -0600] "GET / HTTP/1.1" 200 9788 "http://tuvetventas.adolfocarranzauth.pw/" "Mozilla/5.0 (Linux; Android 13) AppleWebKit/537.36 (KHTML, like Gecko) Chrome/113.0.0.0 Mobile Safari/537.36"
69.16.157.5 - - [13/Oct/2023:20:04:55 -0600] "GET / HTTP/1.1" 200 9788 "http://tuvetventas.adolfocarranzauth.pw/" "Opera/9.80 (MAUI Runtime; Opera Mini/4.4.33576/191.304; U; en) Presto/2.12.423 Version/12.16"
82.132.215.58 - - [13/Oct/2023:20:04:58 -0600] "GET /index.html HTTP/1.1" 200 1464 "https://www.tuvetventas.adolfocarranzauth.pw/" "Mozilla/5.0 (Android 10; Mobile; rv:109.0) Gecko/113.0 Firefox/113.0"
82.132.215.58 - - [13/Oct/2023:20:05:00 -0600] "GET /solicitud.php HTTP/1.1" 200 1373 "https://www.tuvetventas.adolfocarranzauth.pw/" "Mozilla/5.0 (Android 10; Mobile; rv:109.0) Gecko/113.0 Firefox/113.0"
82.132.215.58 - - [13/Oct/2023:20:05:00 -0600] "GET /vms/admin/js/funciones.js HTTP/1.1" 200 1310 "https://www.tuvetventas.adolfocarranzauth.pw/solicitud.php" "Mozilla/5.0 (Android 10; Mobile; rv:109.0) Gecko/113.0 Firefox/113.0"
95.217.14.92 - - [13/Oct/2023:20:05:07 -0600] "GET / HTTP/1.1" 200 6727 "-" "Go-http-client/1.1"
104.154.226.18 - - [13/Oct/2023:20:05:10 -0600] "GET / HTTP/1.1" 200 1443 "-" "Mozilla/5.0 (Windows NT 6.1; WOW64) AppleWebKit/537.36 (KHTML, like Gecko) Chrome/36.0.1985.67 Safari/537.36"
51.178.81.195 - - [13/Oct/2023:20:05:19 -0600] "GET / HTTP/1.1" 200 4473 "http://www.tuvetventas.adolfocarranzauth.pw/" "Mozilla/5.0 (Windows NT 10.0; Win64; x64) AppleWebKit/537.36 (KHTML, like Gecko) Chrome/113.0.0.0 Safari/537.36 Edg/113.0.1774.42"
51.178.81.195 - - [13/Oct/2023:20:05:19 -0600] "GET / HTTP/1.1" 200 9788 "https://www.tuvetventas.adolfocarranzauth.pw/" "Mozilla/5.0 (Windows NT 10.0; Win64; x64) AppleWebKit/537.36 (KHTML, like Gecko) Chrome/113.0.0.0 Safari/537.36 Edg/113.0.1774.42"
173.255.171.87 - - [13/Oct/2023:20:05:19 -0600] "GET / HTTP/1.1" 200 4473 "http://www.tuvetventas.adolfocarranzauth.pw/" "Mozilla/5.0 (Android 10; Mobile; rv:109.0) Gecko/113.0 Firefox/113.0"
173.255.171.87 - - [13/Oct/2023:20:05:19 -0600] "GET / HTTP/1.1" 200 9788 "https://www.tuvetventas.adolfocarranzauth.pw/" "Mozilla/5.0 (Android 10; Mobile; rv:109.0) Gecko/113.0 Firefox/113.0"
178.208.176.144 - - [13/Oct/2023:20:05:20 -0600] "GET / HTTP/1.1" 200 4473 "http://www.tuvetventas.adolfocarranzauth.pw/" "Mozilla/5.0 (Windows NT 10.0; Win64; x64) AppleWebKit/537.36 (KHTML, like Gecko) Chrome/113.0.0.0 Safari/537.36 Edg/113.0.1774.50"
178.208.176.144 - - [13/Oct/2023:20:05:20 -0600] "GET / HTTP/1.1" 200 9788 "https://www.tuvetventas.adolfocarranzauth.pw/" "Mozilla/5.0 (Windows NT 10.0; Win64; x64) AppleWebKit/537.36 (KHTML, like Gecko) Chrome/113.0.0.0 Safari/537.36 Edg/113.0.1774.50"
84.247.116.231 - - [13/Oct/2023:20:05:20 -0600] "GET / HTTP/1.1" 200 4473 "http://www.tuvetventas.adolfocarranzauth.pw/" "Mozilla/5.0 (Android 13; Mobile; rv:109.0) Gecko/113.0 Firefox/113.0"
84.247.116.231 - - [13/Oct/2023:20:05:20 -0600] "GET / HTTP/1.1" 200 9788 "https://www.tuvetventas.adolfocarranzauth.pw/" "Mozilla/5.0 (Android 13; Mobile; rv:109.0) Gecko/113.0 Firefox/113.0"
116.90.74.196 - - [13/Oct/2023:20:05:20 -0600] "GET / HTTP/1.1" 200 4473 "http://www.tuvetventas.adolfocarranzauth.pw/" "Mozilla/5.0 (iPhone; CPU iPhone OS 16_4 like Mac OS X) AppleWebKit/605.1.15 (KHTML, like Gecko) CriOS/113.0.5672.121 Mobile/15E148 Safari/604.1"
116.90.74.196 - - [13/Oct/2023:20:05:21 -0600] "GET / HTTP/1.1" 200 9788 "https://www.tuvetventas.adolfocarranzauth.pw/" "Mozilla/5.0 (iPhone; CPU iPhone OS 16_4 like Mac OS X) AppleWebKit/605.1.15 (KHTML, like Gecko) CriOS/113.0.5672.121 Mobile/15E148 Safari/604.1"
5.161.125.225 - - [13/Oct/2023:20:05:42 -0600] "GET / HTTP/1.1" 200 6783 "-" "Mozilla/5.0"
66.115.182.140 - - [13/Oct/2023:20:06:16 -0600] "GET / HTTP/1.1" 200 6783 "-" "Mozilla/5.0 (Android 10; Mobile; rv:109.0) Gecko/113.0 Firefox/113.0"
66.115.182.140 - - [13/Oct/2023:20:06:17 -0600] "GET /css/style.css HTTP/1.1" 200 4453 "https://www.tuvetventas.adolfocarranzauth.pw/" "Mozilla/5.0 (Android 10; Mobile; rv:109.0) Gecko/113.0 Firefox/113.0"
66.115.182.140 - - [13/Oct/2023:20:06:17 -0600] "GET /css/responsiveslides.css HTTP/1.1" 200 625 "https://www.tuvetventas.adolfocarranzauth.pw/" "Mozilla/5.0 (Android 10; Mobile; rv:109.0) Gecko/113.0 Firefox/113.0"
66.115.182.140 - - [13/Oct/2023:20:06:17 -0600] "GET /js/responsiveslides.min.js HTTP/1.1" 200 1844 "https://www.tuvetventas.adolfocarranzauth.pw/" "Mozilla/5.0 (Android 10; Mobile; rv:109.0) Gecko/113.0 Firefox/113.0"
66.115.182.140 - - [13/Oct/2023:20:06:17 -0600] "GET /imagenes/slider-image1.jpg HTTP/1.1" 200 331512 "https://www.tuvetventas.adolfocarranzauth.pw/" "Mozilla/5.0 (Android 10; Mobile; rv:109.0) Gecko/113.0 Firefox/113.0"
66.115.182.140 - - [13/Oct/2023:20:06:17 -0600] "GET /imagenes/slider-image2.jpg HTTP/1.1" 200 240474 "https://www.tuvetventas.adolfocarranzauth.pw/" "Mozilla/5.0 (Android 10; Mobile; rv:109.0) Gecko/113.0 Firefox/113.0"
66.115.182.140 - - [13/Oct/2023:20:06:18 -0600] "GET /images/header-bg.png HTTP/1.1" 404 1133 "https://www.tuvetventas.adolfocarranzauth.pw/css/style.css" "Mozilla/5.0 (Android 10; Mobile; rv:109.0) Gecko/113.0 Firefox/113.0"
66.115.182.140 - - [13/Oct/2023:20:06:18 -0600] "GET /imagenes/admin.png HTTP/1.1" 200 179542 "https://www.tuvetventas.adolfocarranzauth.pw/" "Mozilla/5.0 (Android 10; Mobile; rv:109.0) Gecko/113.0 Firefox/113.0"
66.115.182.140 - - [13/Oct/2023:20:06:18 -0600] "GET /imagenes/contador.png HTTP/1.1" 200 51439 "https://www.tuvetventas.adolfocarranzauth.pw/" "Mozilla/5.0 (Android 10; Mobile; rv:109.0) Gecko/113.0 Firefox/113.0"
66.115.182.140 - - [13/Oct/2023:20:06:18 -0600] "GET /imagenes/cajero.png HTTP/1.1" 200 84362 "https://www.tuvetventas.adolfocarranzauth.pw/" "Mozilla/5.0 (Android 10; Mobile; rv:109.0) Gecko/113.0 Firefox/113.0"
66.115.182.140 - - [13/Oct/2023:20:06:17 -0600] "GET /imagenes/slider-image3.jpg HTTP/1.1" 200 462020 "https://www.tuvetventas.adolfocarranzauth.pw/" "Mozilla/5.0 (Android 10; Mobile; rv:109.0) Gecko/113.0 Firefox/113.0"
66.115.182.140 - - [13/Oct/2023:20:06:18 -0600] "GET /imagenes/gerente.png HTTP/1.1" 200 78135 "https://www.tuvetventas.adolfocarranzauth.pw/" "Mozilla/5.0 (Android 10; Mobile; rv:109.0) Gecko/113.0 Firefox/113.0"
66.115.182.140 - - [13/Oct/2023:20:06:19 -0600] "GET /imagenes/mvz.png HTTP/1.1" 200 154195 "https://www.tuvetventas.adolfocarranzauth.pw/" "Mozilla/5.0 (Android 10; Mobile; rv:109.0) Gecko/113.0 Firefox/113.0"
66.115.182.140 - - [13/Oct/2023:20:06:19 -0600] "GET /favicon.ico HTTP/1.1" 200 68081 "https://www.tuvetventas.adolfocarranzauth.pw/" "Mozilla/5.0 (Android 10; Mobile; rv:109.0) Gecko/113.0 Firefox/113.0"
185.242.7.134 - - [13/Oct/2023:20:06:23 -0600] "GET / HTTP/1.1" 200 4473 "http://www.tuvetventas.adolfocarranzauth.pw/" "Mozilla/5.0 (Windows NT 10.0; Win64; x64) AppleWebKit/537.36 (KHTML, like Gecko) Chrome/112.0.0.0 Safari/537.36 Edg/112.0.1722.48"
161.35.246.138 - - [13/Oct/2023:20:06:23 -0600] "GET / HTTP/1.1" 200 4473 "http://www.tuvetventas.adolfocarranzauth.pw/" "Opera/9.80 (MAUI Runtime; Opera Mini/4.4.33576/191.304; U; en) Presto/2.12.423 Version/12.16"
185.242.7.134 - - [13/Oct/2023:20:06:23 -0600] "GET / HTTP/1.1" 200 9788 "https://www.tuvetventas.adolfocarranzauth.pw/" "Mozilla/5.0 (Windows NT 10.0; Win64; x64) AppleWebKit/537.36 (KHTML, like Gecko) Chrome/112.0.0.0 Safari/537.36 Edg/112.0.1722.48"
87.101.94.206 - - [13/Oct/2023:20:06:24 -0600] "GET / HTTP/1.1" 200 4473 "http://www.tuvetventas.adolfocarranzauth.pw/" "Mozilla/5.0 (Android 12; Mobile; rv:109.0) Gecko/113.0 Firefox/113.0"
68.235.36.194 - - [13/Oct/2023:20:06:24 -0600] "GET / HTTP/1.1" 200 9788 "https://www.tuvetventas.adolfocarranzauth.pw/" "Mozilla/5.0 (Android 11; Mobile; rv:109.0) Gecko/113.0 Firefox/113.0"
68.235.36.194 - - [13/Oct/2023:20:06:24 -0600] "GET / HTTP/1.1" 200 4473 "http://www.tuvetventas.adolfocarranzauth.pw/" "Mozilla/5.0 (Android 11; Mobile; rv:109.0) Gecko/113.0 Firefox/113.0"
161.35.246.138 - - [13/Oct/2023:20:06:24 -0600] "GET / HTTP/1.1" 200 9788 "https://www.tuvetventas.adolfocarranzauth.pw/" "Opera/9.80 (MAUI Runtime; Opera Mini/4.4.33576/191.304; U; en) Presto/2.12.423 Version/12.16"
87.101.94.206 - - [13/Oct/2023:20:06:24 -0600] "GET / HTTP/1.1" 200 9788 "https://www.tuvetventas.adolfocarranzauth.pw/" "Mozilla/5.0 (Android 12; Mobile; rv:109.0) Gecko/113.0 Firefox/113.0"
66.115.182.140 - - [13/Oct/2023:20:06:24 -0600] "GET /index.html HTTP/1.1" 200 1464 "https://www.tuvetventas.adolfocarranzauth.pw/" "Mozilla/5.0 (Android 10; Mobile; rv:109.0) Gecko/113.0 Firefox/113.0"
45.254.247.141 - - [13/Oct/2023:20:06:25 -0600] "GET / HTTP/1.1" 200 4473 "http://www.tuvetventas.adolfocarranzauth.pw/" "Mozilla/5.0 (Windows NT 10.0; Win64; x64) AppleWebKit/537.36 (KHTML, like Gecko) Chrome/113.0.0.0 Safari/537.36 Edg/113.0.1774.35"
66.115.182.140 - - [13/Oct/2023:20:06:27 -0600] "GET /solicitud.php HTTP/1.1" 200 1373 "https://www.tuvetventas.adolfocarranzauth.pw/" "Mozilla/5.0 (Android 10; Mobile; rv:109.0) Gecko/113.0 Firefox/113.0"
66.115.182.140 - - [13/Oct/2023:20:06:28 -0600] "GET /vms/admin/js/funciones.js HTTP/1.1" 200 1310 "https://www.tuvetventas.adolfocarranzauth.pw/solicitud.php" "Mozilla/5.0 (Android 10; Mobile; rv:109.0) Gecko/113.0 Firefox/113.0"
195.28.180.176 - - [13/Oct/2023:20:06:29 -0600] "GET /favicon.ico HTTP/1.1" 200 73400 "-" "Mozilla/5.0 (Windows NT 6.3; WOW64; rv:38.0) Gecko/20100101 Firefox/38.0"
45.254.247.141 - - [13/Oct/2023:20:06:31 -0600] "GET / HTTP/1.1" 200 9788 "https://www.tuvetventas.adolfocarranzauth.pw/" "Mozilla/5.0 (Windows NT 10.0; Win64; x64) AppleWebKit/537.36 (KHTML, like Gecko) Chrome/113.0.0.0 Safari/537.36 Edg/113.0.1774.35"
65.154.226.170 - - [13/Oct/2023:20:06:48 -0600] "GET / HTTP/1.1" 301 625 "-" "Mozilla/5.0 (X11; Linux x86_64) AppleWebKit/537.36 (KHTML, like Gecko) HeadlessChrome/117.0.5938.88 Safari/537.36"
65.154.226.170 - - [13/Oct/2023:20:06:49 -0600] "GET / HTTP/1.1" 200 6751 "-" "Mozilla/5.0 (X11; Linux x86_64) AppleWebKit/537.36 (KHTML, like Gecko) HeadlessChrome/117.0.5938.88 Safari/537.36"
65.154.226.170 - - [13/Oct/2023:20:06:49 -0600] "GET /css/style.css HTTP/1.1" 200 4453 "https://tuvetventas.adolfocarranzauth.pw/" "Mozilla/5.0 (X11; Linux x86_64) AppleWebKit/537.36 (KHTML, like Gecko) HeadlessChrome/117.0.5938.88 Safari/537.36"
65.154.226.170 - - [13/Oct/2023:20:06:49 -0600] "GET /css/responsiveslides.css HTTP/1.1" 200 625 "https://tuvetventas.adolfocarranzauth.pw/" "Mozilla/5.0 (X11; Linux x86_64) AppleWebKit/537.36 (KHTML, like Gecko) HeadlessChrome/117.0.5938.88 Safari/537.36"
65.154.226.170 - - [13/Oct/2023:20:06:49 -0600] "GET /js/responsiveslides.min.js HTTP/1.1" 200 1844 "https://tuvetventas.adolfocarranzauth.pw/" "Mozilla/5.0 (X11; Linux x86_64) AppleWebKit/537.36 (KHTML, like Gecko) HeadlessChrome/117.0.5938.88 Safari/537.36"
65.154.226.170 - - [13/Oct/2023:20:06:49 -0600] "GET /images/header-bg.png HTTP/1.1" 404 5820 "https://tuvetventas.adolfocarranzauth.pw/css/style.css" "Mozilla/5.0 (X11; Linux x86_64) AppleWebKit/537.36 (KHTML, like Gecko) HeadlessChrome/117.0.5938.88 Safari/537.36"
65.154.226.170 - - [13/Oct/2023:20:06:49 -0600] "GET /imagenes/cajero.png HTTP/1.1" 200 83766 "https://tuvetventas.adolfocarranzauth.pw/" "Mozilla/5.0 (X11; Linux x86_64) AppleWebKit/537.36 (KHTML, like Gecko) HeadlessChrome/117.0.5938.88 Safari/537.36"
65.154.226.170 - - [13/Oct/2023:20:06:49 -0600] "GET /imagenes/slider-image1.jpg HTTP/1.1" 200 332092 "https://tuvetventas.adolfocarranzauth.pw/" "Mozilla/5.0 (X11; Linux x86_64) AppleWebKit/537.36 (KHTML, like Gecko) HeadlessChrome/117.0.5938.88 Safari/537.36"
65.154.226.170 - - [13/Oct/2023:20:06:49 -0600] "GET /imagenes/contador.png HTTP/1.1" 200 46700 "https://tuvetventas.adolfocarranzauth.pw/" "Mozilla/5.0 (X11; Linux x86_64) AppleWebKit/537.36 (KHTML, like Gecko) HeadlessChrome/117.0.5938.88 Safari/537.36"
65.154.226.170 - - [13/Oct/2023:20:06:49 -0600] "GET /imagenes/slider-image2.jpg HTTP/1.1" 200 239878 "https://tuvetventas.adolfocarranzauth.pw/" "Mozilla/5.0 (X11; Linux x86_64) AppleWebKit/537.36 (KHTML, like Gecko) HeadlessChrome/117.0.5938.88 Safari/537.36"
65.154.226.170 - - [13/Oct/2023:20:06:49 -0600] "GET /imagenes/slider-image3.jpg HTTP/1.1" 200 462004 "https://tuvetventas.adolfocarranzauth.pw/" "Mozilla/5.0 (X11; Linux x86_64) AppleWebKit/537.36 (KHTML, like Gecko) HeadlessChrome/117.0.5938.88 Safari/537.36"
65.154.226.170 - - [13/Oct/2023:20:06:50 -0600] "GET /imagenes/gerente.png HTTP/1.1" 200 78135 "https://tuvetventas.adolfocarranzauth.pw/" "Mozilla/5.0 (X11; Linux x86_64) AppleWebKit/537.36 (KHTML, like Gecko) HeadlessChrome/117.0.5938.88 Safari/537.36"
65.154.226.170 - - [13/Oct/2023:20:06:49 -0600] "GET /imagenes/admin.png HTTP/1.1" 200 180122 "https://tuvetventas.adolfocarranzauth.pw/" "Mozilla/5.0 (X11; Linux x86_64) AppleWebKit/537.36 (KHTML, like Gecko) HeadlessChrome/117.0.5938.88 Safari/537.36"
65.154.226.170 - - [13/Oct/2023:20:06:50 -0600] "GET /imagenes/mvz.png HTTP/1.1" 200 154195 "https://tuvetventas.adolfocarranzauth.pw/" "Mozilla/5.0 (X11; Linux x86_64) AppleWebKit/537.36 (KHTML, like Gecko) HeadlessChrome/117.0.5938.88 Safari/537.36"
199.116.118.232 - - [13/Oct/2023:20:07:47 -0600] "GET / HTTP/1.1" 200 6751 "-" "Mozilla/5.0 (Windows NT 10.0; Win64; x64) AppleWebKit/537.36 (KHTML, like Gecko) Chrome/110.0.0.0 Safari/537.36"
66.115.189.195 - - [13/Oct/2023:20:08:46 -0600] "GET / HTTP/1.1" 200 6783 "-" "Mozilla/5.0 (Windows NT 10.0; Win64; x64) AppleWebKit/537.36 (KHTML, like Gecko) Chrome/110.0.0.0 Safari/537.36"
190.86.104.22 - - [13/Oct/2023:20:09:05 -0600] "GET / HTTP/1.1" 301 625 "-" "Mozilla/5.0 (Linux; Android 10; K) AppleWebKit/537.36 (KHTML, like Gecko) Chrome/117.0.0.0 Mobile Safari/537.36"
190.86.104.22 - - [13/Oct/2023:20:09:05 -0600] "GET / HTTP/1.1" 200 6751 "-" "Mozilla/5.0 (Linux; Android 10; K) AppleWebKit/537.36 (KHTML, like Gecko) Chrome/117.0.0.0 Mobile Safari/537.36"
190.86.104.22 - - [13/Oct/2023:20:09:05 -0600] "GET /css/style.css HTTP/1.1" 200 4453 "https://tuvetventas.adolfocarranzauth.pw/" "Mozilla/5.0 (Linux; Android 10; K) AppleWebKit/537.36 (KHTML, like Gecko) Chrome/117.0.0.0 Mobile Safari/537.36"
190.86.104.22 - - [13/Oct/2023:20:09:06 -0600] "GET /css/responsiveslides.css HTTP/1.1" 200 625 "https://tuvetventas.adolfocarranzauth.pw/" "Mozilla/5.0 (Linux; Android 10; K) AppleWebKit/537.36 (KHTML, like Gecko) Chrome/117.0.0.0 Mobile Safari/537.36"
190.86.104.22 - - [13/Oct/2023:20:09:06 -0600] "GET /js/responsiveslides.min.js HTTP/1.1" 200 2424 "https://tuvetventas.adolfocarranzauth.pw/" "Mozilla/5.0 (Linux; Android 10; K) AppleWebKit/537.36 (KHTML, like Gecko) Chrome/117.0.0.0 Mobile Safari/537.36"
190.86.104.22 - - [13/Oct/2023:20:09:06 -0600] "GET /imagenes/gerente.png HTTP/1.1" 200 83422 "https://tuvetventas.adolfocarranzauth.pw/" "Mozilla/5.0 (Linux; Android 10; K) AppleWebKit/537.36 (KHTML, like Gecko) Chrome/117.0.0.0 Mobile Safari/537.36"
190.86.104.22 - - [13/Oct/2023:20:09:06 -0600] "GET /imagenes/slider-image2.jpg HTTP/1.1" 200 245165 "https://tuvetventas.adolfocarranzauth.pw/" "Mozilla/5.0 (Linux; Android 10; K) AppleWebKit/537.36 (KHTML, like Gecko) Chrome/117.0.0.0 Mobile Safari/537.36"
190.86.104.22 - - [13/Oct/2023:20:09:06 -0600] "GET /images/header-bg.png HTTP/1.1" 404 1113 "https://tuvetventas.adolfocarranzauth.pw/css/style.css" "Mozilla/5.0 (Linux; Android 10; K) AppleWebKit/537.36 (KHTML, like Gecko) Chrome/117.0.0.0 Mobile Safari/537.36"
190.86.104.22 - - [13/Oct/2023:20:09:06 -0600] "GET /imagenes/admin.png HTTP/1.1" 200 179542 "https://tuvetventas.adolfocarranzauth.pw/" "Mozilla/5.0 (Linux; Android 10; K) AppleWebKit/537.36 (KHTML, like Gecko) Chrome/117.0.0.0 Mobile Safari/537.36"
190.86.104.22 - - [13/Oct/2023:20:09:06 -0600] "GET /imagenes/slider-image1.jpg HTTP/1.1" 200 332092 "https://tuvetventas.adolfocarranzauth.pw/" "Mozilla/5.0 (Linux; Android 10; K) AppleWebKit/537.36 (KHTML, like Gecko) Chrome/117.0.0.0 Mobile Safari/537.36"
190.86.104.22 - - [13/Oct/2023:20:09:06 -0600] "GET /imagenes/contador.png HTTP/1.1" 200 46120 "https://tuvetventas.adolfocarranzauth.pw/" "Mozilla/5.0 (Linux; Android 10; K) AppleWebKit/537.36 (KHTML, like Gecko) Chrome/117.0.0.0 Mobile Safari/537.36"
190.86.104.22 - - [13/Oct/2023:20:09:07 -0600] "GET /imagenes/mvz.png HTTP/1.1" 200 154195 "https://tuvetventas.adolfocarranzauth.pw/" "Mozilla/5.0 (Linux; Android 10; K) AppleWebKit/537.36 (KHTML, like Gecko) Chrome/117.0.0.0 Mobile Safari/537.36"
190.86.104.22 - - [13/Oct/2023:20:09:06 -0600] "GET /imagenes/slider-image3.jpg HTTP/1.1" 200 461424 "https://tuvetventas.adolfocarranzauth.pw/" "Mozilla/5.0 (Linux; Android 10; K) AppleWebKit/537.36 (KHTML, like Gecko) Chrome/117.0.0.0 Mobile Safari/537.36"
190.86.104.22 - - [13/Oct/2023:20:09:06 -0600] "GET /imagenes/cajero.png HTTP/1.1" 200 83766 "https://tuvetventas.adolfocarranzauth.pw/" "Mozilla/5.0 (Linux; Android 10; K) AppleWebKit/537.36 (KHTML, like Gecko) Chrome/117.0.0.0 Mobile Safari/537.36"
190.86.104.22 - - [13/Oct/2023:20:09:07 -0600] "GET /favicon.ico HTTP/1.1" 200 68081 "https://tuvetventas.adolfocarranzauth.pw/" "Mozilla/5.0 (Linux; Android 10; K) AppleWebKit/537.36 (KHTML, like Gecko) Chrome/117.0.0.0 Mobile Safari/537.36"
190.86.104.22 - - [13/Oct/2023:20:09:13 -0600] "GET /vms/admin/ HTTP/1.1" 200 2226 "https://tuvetventas.adolfocarranzauth.pw/" "Mozilla/5.0 (Linux; Android 10; K) AppleWebKit/537.36 (KHTML, like Gecko) Chrome/117.0.0.0 Mobile Safari/537.36"
190.86.104.22 - - [13/Oct/2023:20:09:14 -0600] "GET /vms/admin/vendor/bootstrap/css/bootstrap.min.css HTTP/1.1" 200 19166 "https://tuvetventas.adolfocarranzauth.pw/vms/admin/" "Mozilla/5.0 (Linux; Android 10; K) AppleWebKit/537.36 (KHTML, like Gecko) Chrome/117.0.0.0 Mobile Safari/537.36"
190.86.104.22 - - [13/Oct/2023:20:09:14 -0600] "GET /vms/admin/vendor/fontawesome/css/font-awesome.min.css HTTP/1.1" 200 6426 "https://tuvetventas.adolfocarranzauth.pw/vms/admin/" "Mozilla/5.0 (Linux; Android 10; K) AppleWebKit/537.36 (KHTML, like Gecko) Chrome/117.0.0.0 Mobile Safari/537.36"
190.86.104.22 - - [13/Oct/2023:20:09:14 -0600] "GET /vms/admin/vendor/themify-icons/themify-icons.min.css HTTP/1.1" 200 3803 "https://tuvetventas.adolfocarranzauth.pw/vms/admin/" "Mozilla/5.0 (Linux; Android 10; K) AppleWebKit/537.36 (KHTML, like Gecko) Chrome/117.0.0.0 Mobile Safari/537.36"
190.86.104.22 - - [13/Oct/2023:20:09:14 -0600] "GET /vms/admin/vendor/animate.css/animate.min.css HTTP/1.1" 200 9379 "https://tuvetventas.adolfocarranzauth.pw/vms/admin/" "Mozilla/5.0 (Linux; Android 10; K) AppleWebKit/537.36 (KHTML, like Gecko) Chrome/117.0.0.0 Mobile Safari/537.36"
190.86.104.22 - - [13/Oct/2023:20:09:14 -0600] "GET /vms/admin/vendor/perfect-scrollbar/perfect-scrollbar.min.css HTTP/1.1" 200 891 "https://tuvetventas.adolfocarranzauth.pw/vms/admin/" "Mozilla/5.0 (Linux; Android 10; K) AppleWebKit/537.36 (KHTML, like Gecko) Chrome/117.0.0.0 Mobile Safari/537.36"
190.86.104.22 - - [13/Oct/2023:20:09:14 -0600] "GET /vms/admin/vendor/switchery/switchery.min.css HTTP/1.1" 200 5960 "https://tuvetventas.adolfocarranzauth.pw/vms/admin/" "Mozilla/5.0 (Linux; Android 10; K) AppleWebKit/537.36 (KHTML, like Gecko) Chrome/117.0.0.0 Mobile Safari/537.36"
190.86.104.22 - - [13/Oct/2023:20:09:14 -0600] "GET /vms/admin/assets/css/styles.css HTTP/1.1" 200 44975 "https://tuvetventas.adolfocarranzauth.pw/vms/admin/" "Mozilla/5.0 (Linux; Android 10; K) AppleWebKit/537.36 (KHTML, like Gecko) Chrome/117.0.0.0 Mobile Safari/537.36"
190.86.104.22 - - [13/Oct/2023:20:09:14 -0600] "GET /vms/admin/assets/css/plugins.css HTTP/1.1" 200 3695 "https://tuvetventas.adolfocarranzauth.pw/vms/admin/" "Mozilla/5.0 (Linux; Android 10; K) AppleWebKit/537.36 (KHTML, like Gecko) Chrome/117.0.0.0 Mobile Safari/537.36"
190.86.104.22 - - [13/Oct/2023:20:09:15 -0600] "GET /vms/admin/assets/css/themes/theme-1.css HTTP/1.1" 200 2007 "https://tuvetventas.adolfocarranzauth.pw/vms/admin/" "Mozilla/5.0 (Linux; Android 10; K) AppleWebKit/537.36 (KHTML, like Gecko) Chrome/117.0.0.0 Mobile Safari/537.36"
190.86.104.22 - - [13/Oct/2023:20:09:15 -0600] "GET /vms/admin/vendor/jquery/jquery.min.js HTTP/1.1" 200 33886 "https://tuvetventas.adolfocarranzauth.pw/vms/admin/" "Mozilla/5.0 (Linux; Android 10; K) AppleWebKit/537.36 (KHTML, like Gecko) Chrome/117.0.0.0 Mobile Safari/537.36"
190.86.104.22 - - [13/Oct/2023:20:09:15 -0600] "GET /vms/admin/vendor/bootstrap/js/bootstrap.min.js HTTP/1.1" 200 9880 "https://tuvetventas.adolfocarranzauth.pw/vms/admin/" "Mozilla/5.0 (Linux; Android 10; K) AppleWebKit/537.36 (KHTML, like Gecko) Chrome/117.0.0.0 Mobile Safari/537.36"
190.86.104.22 - - [13/Oct/2023:20:09:15 -0600] "GET /vms/admin/vendor/modernizr/modernizr.js HTTP/1.1" 200 4147 "https://tuvetventas.adolfocarranzauth.pw/vms/admin/" "Mozilla/5.0 (Linux; Android 10; K) AppleWebKit/537.36 (KHTML, like Gecko) Chrome/117.0.0.0 Mobile Safari/537.36"
190.86.104.22 - - [13/Oct/2023:20:09:15 -0600] "GET /vms/admin/vendor/jquery-cookie/jquery.cookie.js HTTP/1.1" 200 1746 "https://tuvetventas.adolfocarranzauth.pw/vms/admin/" "Mozilla/5.0 (Linux; Android 10; K) AppleWebKit/537.36 (KHTML, like Gecko) Chrome/117.0.0.0 Mobile Safari/537.36"
190.86.104.22 - - [13/Oct/2023:20:09:15 -0600] "GET /vms/admin/vendor/perfect-scrollbar/perfect-scrollbar.min.js HTTP/1.1" 200 3770 "https://tuvetventas.adolfocarranzauth.pw/vms/admin/" "Mozilla/5.0 (Linux; Android 10; K) AppleWebKit/537.36 (KHTML, like Gecko) Chrome/117.0.0.0 Mobile Safari/537.36"
190.86.104.22 - - [13/Oct/2023:20:09:15 -0600] "GET /vms/admin/vendor/switchery/switchery.min.js HTTP/1.1" 200 5611 "https://tuvetventas.adolfocarranzauth.pw/vms/admin/" "Mozilla/5.0 (Linux; Android 10; K) AppleWebKit/537.36 (KHTML, like Gecko) Chrome/117.0.0.0 Mobile Safari/537.36"
190.86.104.22 - - [13/Oct/2023:20:09:15 -0600] "GET /vms/admin/vendor/jquery-validation/jquery.validate.min.js HTTP/1.1" 200 7206 "https://tuvetventas.adolfocarranzauth.pw/vms/admin/" "Mozilla/5.0 (Linux; Android 10; K) AppleWebKit/537.36 (KHTML, like Gecko) Chrome/117.0.0.0 Mobile Safari/537.36"
190.86.104.22 - - [13/Oct/2023:20:09:16 -0600] "GET /vms/admin/assets/js/main.js HTTP/1.1" 200 4174 "https://tuvetventas.adolfocarranzauth.pw/vms/admin/" "Mozilla/5.0 (Linux; Android 10; K) AppleWebKit/537.36 (KHTML, like Gecko) Chrome/117.0.0.0 Mobile Safari/537.36"
190.86.104.22 - - [13/Oct/2023:20:09:16 -0600] "GET /vms/admin/assets/js/login.js HTTP/1.1" 200 1370 "https://tuvetventas.adolfocarranzauth.pw/vms/admin/" "Mozilla/5.0 (Linux; Android 10; K) AppleWebKit/537.36 (KHTML, like Gecko) Chrome/117.0.0.0 Mobile Safari/537.36"
190.86.104.22 - - [13/Oct/2023:20:09:16 -0600] "GET /vms/admin/vendor/fontawesome/fonts/fontawesome-webfont.woff2?v=4.3.0 HTTP/1.1" 200 57178 "https://tuvetventas.adolfocarranzauth.pw/vms/admin/vendor/fontawesome/css/font-awesome.min.css" "Mozilla/5.0 (Linux; Android 10; K) AppleWebKit/537.36 (KHTML, like Gecko) Chrome/117.0.0.0 Mobile Safari/537.36"
190.86.104.22 - - [13/Oct/2023:20:09:23 -0600] "GET /solicitud.php HTTP/1.1" 200 1953 "https://tuvetventas.adolfocarranzauth.pw/" "Mozilla/5.0 (Linux; Android 10; K) AppleWebKit/537.36 (KHTML, like Gecko) Chrome/117.0.0.0 Mobile Safari/537.36"
190.86.104.22 - - [13/Oct/2023:20:09:24 -0600] "GET /vms/admin/js/funciones.js HTTP/1.1" 200 1890 "https://tuvetventas.adolfocarranzauth.pw/solicitud.php" "Mozilla/5.0 (Linux; Android 10; K) AppleWebKit/537.36 (KHTML, like Gecko) Chrome/117.0.0.0 Mobile Safari/537.36"
54.66.55.193 - - [13/Oct/2023:20:10:27 -0600] "GET / HTTP/1.1" 200 6727 "-" "Mozilla/5.0 (Windows NT 10.0; Win64; x64) AppleWebKit/537.36 (KHTML, like Gecko) Chrome/42.0.2311.135 Safari/537.36 Edge/12.246"
190.86.104.22 - - [13/Oct/2023:20:10:43 -0600] "POST /solicitud.php HTTP/1.1" 200 2008 "https://tuvetventas.adolfocarranzauth.pw/solicitud.php" "Mozilla/5.0 (Linux; Android 10; K) AppleWebKit/537.36 (KHTML, like Gecko) Chrome/117.0.0.0 Mobile Safari/537.36"
190.86.104.22 - - [13/Oct/2023:20:10:45 -0600] "GET /solicitud.php HTTP/1.1" 200 1373 "https://tuvetventas.adolfocarranzauth.pw/solicitud.php" "Mozilla/5.0 (Linux; Android 10; K) AppleWebKit/537.36 (KHTML, like Gecko) Chrome/117.0.0.0 Mobile Safari/537.36"
190.86.104.22 - - [13/Oct/2023:20:10:45 -0600] "GET /images/header-bg.png HTTP/1.1" 404 533 "https://tuvetventas.adolfocarranzauth.pw/css/style.css" "Mozilla/5.0 (Linux; Android 10; K) AppleWebKit/537.36 (KHTML, like Gecko) Chrome/117.0.0.0 Mobile Safari/537.36"
172.111.241.6 - - [13/Oct/2023:20:12:05 -0600] "GET / HTTP/1.1" 200 6783 "-" "Mozilla/5.0 (X11; Linux x86_64) AppleWebKit/537.36 (KHTML, like Gecko) HeadlessChrome/109.0.5414.46 Safari/537.36"
172.111.241.6 - - [13/Oct/2023:20:12:05 -0600] "GET /css/style.css HTTP/1.1" 200 4453 "https://www.tuvetventas.adolfocarranzauth.pw/" "Mozilla/5.0 (X11; Linux x86_64) AppleWebKit/537.36 (KHTML, like Gecko) HeadlessChrome/109.0.5414.46 Safari/537.36"
172.111.241.6 - - [13/Oct/2023:20:12:05 -0600] "GET /css/responsiveslides.css HTTP/1.1" 200 5944 "https://www.tuvetventas.adolfocarranzauth.pw/" "Mozilla/5.0 (X11; Linux x86_64) AppleWebKit/537.36 (KHTML, like Gecko) HeadlessChrome/109.0.5414.46 Safari/537.36"
172.111.241.6 - - [13/Oct/2023:20:12:05 -0600] "GET /js/responsiveslides.min.js HTTP/1.1" 200 1844 "https://www.tuvetventas.adolfocarranzauth.pw/" "Mozilla/5.0 (X11; Linux x86_64) AppleWebKit/537.36 (KHTML, like Gecko) HeadlessChrome/109.0.5414.46 Safari/537.36"
172.111.241.6 - - [13/Oct/2023:20:12:06 -0600] "GET /images/header-bg.png HTTP/1.1" 404 1133 "https://www.tuvetventas.adolfocarranzauth.pw/css/style.css" "Mozilla/5.0 (X11; Linux x86_64) AppleWebKit/537.36 (KHTML, like Gecko) HeadlessChrome/109.0.5414.46 Safari/537.36"
172.111.241.6 - - [13/Oct/2023:20:12:06 -0600] "GET /imagenes/contador.png HTTP/1.1" 200 46716 "https://www.tuvetventas.adolfocarranzauth.pw/" "Mozilla/5.0 (X11; Linux x86_64) AppleWebKit/537.36 (KHTML, like Gecko) HeadlessChrome/109.0.5414.46 Safari/537.36"
172.111.241.6 - - [13/Oct/2023:20:12:05 -0600] "GET /imagenes/slider-image1.jpg HTTP/1.1" 200 331512 "https://www.tuvetventas.adolfocarranzauth.pw/" "Mozilla/5.0 (X11; Linux x86_64) AppleWebKit/537.36 (KHTML, like Gecko) HeadlessChrome/109.0.5414.46 Safari/537.36"
172.111.241.6 - - [13/Oct/2023:20:12:06 -0600] "GET /imagenes/slider-image2.jpg HTTP/1.1" 200 239878 "https://www.tuvetventas.adolfocarranzauth.pw/" "Mozilla/5.0 (X11; Linux x86_64) AppleWebKit/537.36 (KHTML, like Gecko) HeadlessChrome/109.0.5414.46 Safari/537.36"
172.111.241.6 - - [13/Oct/2023:20:12:07 -0600] "GET /imagenes/gerente.png HTTP/1.1" 200 78135 "https://www.tuvetventas.adolfocarranzauth.pw/" "Mozilla/5.0 (X11; Linux x86_64) AppleWebKit/537.36 (KHTML, like Gecko) HeadlessChrome/109.0.5414.46 Safari/537.36"
172.111.241.6 - - [13/Oct/2023:20:12:06 -0600] "GET /imagenes/slider-image3.jpg HTTP/1.1" 200 462020 "https://www.tuvetventas.adolfocarranzauth.pw/" "Mozilla/5.0 (X11; Linux x86_64) AppleWebKit/537.36 (KHTML, like Gecko) HeadlessChrome/109.0.5414.46 Safari/537.36"
172.111.241.6 - - [13/Oct/2023:20:12:06 -0600] "GET /imagenes/cajero.png HTTP/1.1" 200 89085 "https://www.tuvetventas.adolfocarranzauth.pw/" "Mozilla/5.0 (X11; Linux x86_64) AppleWebKit/537.36 (KHTML, like Gecko) HeadlessChrome/109.0.5414.46 Safari/537.36"
172.111.241.6 - - [13/Oct/2023:20:12:07 -0600] "GET /imagenes/mvz.png HTTP/1.1" 200 154195 "https://www.tuvetventas.adolfocarranzauth.pw/" "Mozilla/5.0 (X11; Linux x86_64) AppleWebKit/537.36 (KHTML, like Gecko) HeadlessChrome/109.0.5414.46 Safari/537.36"
172.111.241.6 - - [13/Oct/2023:20:12:06 -0600] "GET /imagenes/admin.png HTTP/1.1" 200 179542 "https://www.tuvetventas.adolfocarranzauth.pw/" "Mozilla/5.0 (X11; Linux x86_64) AppleWebKit/537.36 (KHTML, like Gecko) HeadlessChrome/109.0.5414.46 Safari/537.36"
